Archive member included because of file (symbol)

c:/winavr-20081205/bin/../lib/gcc/avr/4.3.2/avr51\libgcc.a(_mulsi3.o)
                              parser.o (__mulsi3)
c:/winavr-20081205/bin/../lib/gcc/avr/4.3.2/avr51\libgcc.a(_udivmodsi4.o)
                              commands.o (__udivmodsi4)
c:/winavr-20081205/bin/../lib/gcc/avr/4.3.2/avr51\libgcc.a(_exit.o)
                              c:/winavr-20081205/bin/../lib/gcc/avr/4.3.2/../../../../avr/lib/avr51/crtm128.o (exit)
c:/winavr-20081205/bin/../lib/gcc/avr/4.3.2/avr51\libgcc.a(_clear_bss.o)
                              aeb.o (__do_clear_bss)
c:/winavr-20081205/bin/../lib/gcc/avr/4.3.2/../../../../avr/lib/avr51\libc.a(malloc.o)
                              rtp.o (malloc)
c:/winavr-20081205/bin/../lib/gcc/avr/4.3.2/../../../../avr/lib/avr51\libc.a(strcmp.o)
                              com1_debug.o (strcmp)
c:/winavr-20081205/bin/../lib/gcc/avr/4.3.2/../../../../avr/lib/avr51\libc.a(strcpy.o)
                              com1_debug.o (strcpy)
c:/winavr-20081205/bin/../lib/gcc/avr/4.3.2/../../../../avr/lib/avr51\libc.a(eerd_block.o)
                              config.o (__eerd_block)
c:/winavr-20081205/bin/../lib/gcc/avr/4.3.2/../../../../avr/lib/avr51\libc.a(eewr_block.o)
                              config.o (__eewr_block)
c:/winavr-20081205/bin/../lib/gcc/avr/4.3.2/../../../../avr/lib/avr51\libc.a(itoa.o)
                              timer.o (itoa)
c:/winavr-20081205/bin/../lib/gcc/avr/4.3.2/../../../../avr/lib/avr51\libc.a(ultoa.o)
                              commands.o (ultoa)
c:/winavr-20081205/bin/../lib/gcc/avr/4.3.2/../../../../avr/lib/avr51\libc.a(utoa.o)
                              commands.o (utoa)
c:/winavr-20081205/bin/../lib/gcc/avr/4.3.2/../../../../avr/lib/avr51\libc.a(strrev.o)
                              c:/winavr-20081205/bin/../lib/gcc/avr/4.3.2/../../../../avr/lib/avr51\libc.a(itoa.o) (strrev)
c:/winavr-20081205/bin/../lib/gcc/avr/4.3.2/avr51\libgcc.a(_udivmodhi4.o)
                              c:/winavr-20081205/bin/../lib/gcc/avr/4.3.2/../../../../avr/lib/avr51\libc.a(itoa.o) (__udivmodhi4)
c:/winavr-20081205/bin/../lib/gcc/avr/4.3.2/avr51\libgcc.a(_prologue.o)
                              c:/winavr-20081205/bin/../lib/gcc/avr/4.3.2/../../../../avr/lib/avr51\libc.a(eerd_block.o) (__prologue_saves__)
c:/winavr-20081205/bin/../lib/gcc/avr/4.3.2/avr51\libgcc.a(_epilogue.o)
                              c:/winavr-20081205/bin/../lib/gcc/avr/4.3.2/../../../../avr/lib/avr51\libc.a(eerd_block.o) (__epilogue_restores__)

Allocating common symbols
Common symbol       size              file

CommandBuffer       0x2a              com1_debug.o
menge2              0x2               aeb.o
hEnc28j60           0x1               enc28j60.o
hUsart0             0x101             com0.o
debug               0x2               aeb.o
__brkval            0x2               c:/winavr-20081205/bin/../lib/gcc/avr/4.3.2/../../../../avr/lib/avr51\libc.a(malloc.o)
com1_recv           0x2a              com1_debug.o
menge               0x2               aeb.o
timerList           0x4               timer.o
overflows           0x4               rtc.o
rtpSequence         0x2               rtp.o
__flp               0x2               c:/winavr-20081205/bin/../lib/gcc/avr/4.3.2/../../../../avr/lib/avr51\libc.a(malloc.o)
hArp                0x38              arp.o
Config              0xe               config.o

Memory Configuration

Name             Origin             Length             Attributes
text             0x00000000         0x00020000         xr
data             0x00800060         0x0000ffa0         rw !x
eeprom           0x00810000         0x00010000         rw !x
fuse             0x00820000         0x00000400         rw !x
lock             0x00830000         0x00000400         rw !x
signature        0x00840000         0x00000400         rw !x
*default*        0x00000000         0xffffffff

Linker script and memory map

Address of section .data set to 0x800100
LOAD c:/winavr-20081205/bin/../lib/gcc/avr/4.3.2/../../../../avr/lib/avr51/crtm128.o
LOAD aeb.o
LOAD arp.o
LOAD rtp.o
LOAD ethernet.o
LOAD ip.o
LOAD udp.o
LOAD tftp.o
LOAD serial.o
LOAD clock.o
LOAD timer.o
LOAD doublyLinkedList.o
LOAD queue.o
LOAD rtc.o
LOAD com0.o
LOAD enc28j60.o
LOAD nic.o
LOAD bootloader.o
LOAD serialbridge.o
LOAD watchdog.o
LOAD netlib.o
LOAD commands.o
LOAD parser.o
LOAD rcfg.o
LOAD config.o
LOAD com1_debug.o
LOAD c:/winavr-20081205/bin/../lib/gcc/avr/4.3.2/avr51\libgcc.a
LOAD c:/winavr-20081205/bin/../lib/gcc/avr/4.3.2/../../../../avr/lib/avr51\libc.a
LOAD c:/winavr-20081205/bin/../lib/gcc/avr/4.3.2/avr51\libgcc.a

.hash
 *(.hash)

.dynsym
 *(.dynsym)

.dynstr
 *(.dynstr)

.gnu.version
 *(.gnu.version)

.gnu.version_d
 *(.gnu.version_d)

.gnu.version_r
 *(.gnu.version_r)

.rel.init
 *(.rel.init)

.rela.init
 *(.rela.init)

.rel.text
 *(.rel.text)
 *(.rel.text.*)
 *(.rel.gnu.linkonce.t*)

.rela.text
 *(.rela.text)
 *(.rela.text.*)
 *(.rela.gnu.linkonce.t*)

.rel.fini
 *(.rel.fini)

.rela.fini
 *(.rela.fini)

.rel.rodata
 *(.rel.rodata)
 *(.rel.rodata.*)
 *(.rel.gnu.linkonce.r*)

.rela.rodata
 *(.rela.rodata)
 *(.rela.rodata.*)
 *(.rela.gnu.linkonce.r*)

.rel.data
 *(.rel.data)
 *(.rel.data.*)
 *(.rel.gnu.linkonce.d*)

.rela.data
 *(.rela.data)
 *(.rela.data.*)
 *(.rela.gnu.linkonce.d*)

.rel.ctors
 *(.rel.ctors)

.rela.ctors
 *(.rela.ctors)

.rel.dtors
 *(.rel.dtors)

.rela.dtors
 *(.rela.dtors)

.rel.got
 *(.rel.got)

.rela.got
 *(.rela.got)

.rel.bss
 *(.rel.bss)

.rela.bss
 *(.rela.bss)

.rel.plt
 *(.rel.plt)

.rela.plt
 *(.rela.plt)

.text           0x00000000     0x6124
 *(.vectors)
 .vectors       0x00000000       0x8c c:/winavr-20081205/bin/../lib/gcc/avr/4.3.2/../../../../avr/lib/avr51/crtm128.o
                0x00000000                __vectors
                0x00000000                __vector_default
 *(.vectors)
 *(.progmem.gcc*)
 *(.progmem*)
                0x0000008c                . = ALIGN (0x2)
                0x0000008c                __trampolines_start = .
 *(.trampolines)
 .trampolines   0x0000008c        0x0 linker stubs
 *(.trampolines*)
                0x0000008c                __trampolines_end = .
 *(.jumptables)
 *(.jumptables*)
 *(.lowtext)
 *(.lowtext*)
                0x0000008c                __ctors_start = .
 *(.ctors)
                0x0000008c                __ctors_end = .
                0x0000008c                __dtors_start = .
 *(.dtors)
                0x0000008c                __dtors_end = .
 SORT(*)(.ctors)
 SORT(*)(.dtors)
 *(.init0)
 .init0         0x0000008c        0x0 c:/winavr-20081205/bin/../lib/gcc/avr/4.3.2/../../../../avr/lib/avr51/crtm128.o
                0x0000008c                __init
 *(.init0)
 *(.init1)
 *(.init1)
 *(.init2)
 .init2         0x0000008c        0xc c:/winavr-20081205/bin/../lib/gcc/avr/4.3.2/../../../../avr/lib/avr51/crtm128.o
 *(.init2)
 *(.init3)
 *(.init3)
 *(.init4)
 .init4         0x00000098       0x1c c:/winavr-20081205/bin/../lib/gcc/avr/4.3.2/../../../../avr/lib/avr51/crtm128.o
                0x00000098                __do_copy_data
 .init4         0x000000b4       0x10 c:/winavr-20081205/bin/../lib/gcc/avr/4.3.2/avr51\libgcc.a(_clear_bss.o)
                0x000000b4                __do_clear_bss
 *(.init4)
 *(.init5)
 *(.init5)
 *(.init6)
 *(.init6)
 *(.init7)
 *(.init7)
 *(.init8)
 *(.init8)
 *(.init9)
 .init9         0x000000c4        0x8 c:/winavr-20081205/bin/../lib/gcc/avr/4.3.2/../../../../avr/lib/avr51/crtm128.o
 *(.init9)
 *(.text)
 .text          0x000000cc        0x4 c:/winavr-20081205/bin/../lib/gcc/avr/4.3.2/../../../../avr/lib/avr51/crtm128.o
                0x000000cc                __vector_22
                0x000000cc                __vector_28
                0x000000cc                __vector_1
                0x000000cc                __vector_34
                0x000000cc                __vector_24
                0x000000cc                __vector_12
                0x000000cc                __bad_interrupt
                0x000000cc                __vector_6
                0x000000cc                __vector_3
                0x000000cc                __vector_23
                0x000000cc                __vector_25
                0x000000cc                __vector_11
                0x000000cc                __vector_13
                0x000000cc                __vector_17
                0x000000cc                __vector_7
                0x000000cc                __vector_27
                0x000000cc                __vector_5
                0x000000cc                __vector_33
                0x000000cc                __vector_4
                0x000000cc                __vector_9
                0x000000cc                __vector_2
                0x000000cc                __vector_21
                0x000000cc                __vector_15
                0x000000cc                __vector_29
                0x000000cc                __vector_8
                0x000000cc                __vector_26
                0x000000cc                __vector_14
                0x000000cc                __vector_10
                0x000000cc                __vector_20
 .text          0x000000d0       0x56 aeb.o
                0x000000d0                main
 .text          0x00000126      0x792 arp.o
                0x00000530                onArpResponse
                0x000002c0                onArpTimeout
                0x00000606                arpSendRequest
                0x00000420                arpSendResponse
                0x0000029e                onInitArp
                0x00000314                onArpRequest
                0x00000126                arpAddMacByIPv4
                0x000006de                arpLookupMacByIPv4
 .text          0x000008b8      0x530 rtp.o
                0x000008b8                onInitRtp
                0x00000bf8                rtpSendCDPData
                0x000008ba                onRtpResponse
                0x0000099a                onRtpRequest
                0x00000a64                rtpSendCommand
 .text          0x00000de8      0x286 ethernet.o
                0x00000de8                getHardwareAddress
                0x00000dee                ethernetEepromGetConfig
                0x00000f0a                onEthernetResponse
                0x00000fec                onEthernet
                0x00000eac                onInitEthernet
                0x00000e62                ethernetEepromSetConfig
                0x00000f7e                onEthernetRequest
 .text          0x0000106e      0x6a2 ip.o
                0x00001074                ipEepromGetConfig
                0x00001628                onIPv4Response
                0x000014c4                onIPv4Request
                0x0000106e                ipGetAddress
                0x000012c6                ipEepromSetConfig
                0x00001244                onInitIPv4
 .text          0x00001710       0xfc udp.o
                0x00001710                onUdpResponse
                0x00001794                onUdpRequest
 .text          0x0000180c        0x0 tftp.o
 .text          0x0000180c      0x206 serial.o
                0x000018b6                serialEepromSetConfig
                0x0000192a                onSerial
                0x0000198a                serialSendBytes
                0x0000180c                serialEepromGetConfig
                0x00001990                onInitSerial
 .text          0x00001a12       0x12 clock.o
                0x00001a1e                clockGetTimeStamp
                0x00001a18                clockGetShortTimeStamp
                0x00001a12                onInitClock
 .text          0x00001a24      0x404 timer.o
                0x00001a24                onInitTimer
                0x00001a36                timerClearTimeout
                0x00001a52                timerAddTimeout
                0x00001c4a                DebugTimerList
                0x00001ba8                onTimer
 .text          0x00001e28      0x1ca doublyLinkedList.o
                0x00001e28                insertDlNodeAfter
                0x00001e74                insertDlNodeBefore
                0x00001f12                insertDlNodeLast
                0x00001fa6                removeDlNode
                0x00001eb4                insertDlNodeBeginning
 .text          0x00001ff2       0x8a queue.o
                0x00002044                queueIsFull
                0x00002032                queueIsEmpty
                0x00001ff2                pushQueueEntry
                0x00002054                popQueueEntry
 .text          0x0000207c      0x11a rtc.o
                0x00002100                rtcGetTime64
                0x00002150                rtcGetTime32
                0x000020c8                rtcInitialize
                0x00002178                rtcGetTime16
                0x0000207c                __vector_16
 .text          0x00002196      0x3f2 com0.o
                0x00002498                __vector_19
                0x000021c6                com0HasBytes
                0x0000229c                com0Initialize
                0x000023f2                onCom0Timeout
                0x00002330                com0RotateRecvBuffer
                0x00002246                com0RecvBytes
                0x000021d0                com0RotateSendBuffer
                0x00002196                com0putChar
                0x0000219e                com0putBuffer
                0x0000240c                __vector_18
                0x000021c4                com0SendBytes
 .text          0x00002588      0xbc8 enc28j60.o
                0x000026a6                enc28j60_init
                0x000025ac                enc28j60_write_byte
                0x000026da                enc28j60_bmputs
                0x00002bb2                enc28j60_crputw
                0x0000277a                enc28j60_bmgets
                0x00002700                enc28j60_reset
                0x00002c7a                enc28j60_crputs
                0x0000270e                enc28j60_bmgetc
                0x00002588                enc28j60_write
                0x00002f82                enc28j60_crgetc
                0x00002738                enc28j60_bmgetw
                0x00002966                enc28j60_crbfc
                0x000028a4                enc28j60_crbfs
                0x00002a28                enc28j60_wcr
                0x00002e88                enc28j60_crgetw
                0x000025e2                enc28j60_read
                0x000026bc                enc28j60_calcOffset
                0x000027a8                enc28j60_rcr2
                0x00002d42                enc28j60_prputw
                0x00003054                enc28j60_crgets
                0x00002af0                enc28j60_crputc
                0x00002618                enc28j60_select_bank
 .text          0x00003150      0x408 nic.o
                0x000032dc                nicReceiveResponse
                0x00003206                nicFreeRequest
                0x0000316e                nicResponseSize
                0x00003184                nicResponseRead
                0x00003320                nicInitialize
                0x000031c0                nicFreeResponse
                0x000032cc                nicNewRequest
                0x00003150                nicGetPacketSize
                0x00003422                nicWaitForSend
                0x0000324c                nicAddPacketHeader
                0x0000345e                nicSendPacket
 .text          0x00003558        0x0 bootloader.o
 .text          0x00003558       0x22 serialbridge.o
                0x0000356e                onRtpData
                0x00003558                onInitApplication
                0x0000355a                onSerialData
 .text          0x0000357a        0x0 watchdog.o
 .text          0x0000357a       0x80 netlib.o
                0x0000357a                calculateCheckSum
 .text          0x000035fa     0x1954 commands.o
                0x00003d18                rcfg_setDPORT_Data
                0x00004054                rcfg_setNM
                0x00003f64                rcfg_setNet
                0x00003b0a                rcfg_setStopBits
                0x00003c0e                rcfg_setBaud
                0x00003d74                rcfg_getDPORT_Config
                0x00004404                rcfg_getDIP_Data
                0x0000490a                rcfg_getIP
                0x000041c2                ip2str
                0x000047fe                rcfg_getNM
                0x000036e2                rcfg_getDataBits
                0x00003798                rcfg_getStopBits
                0x000040e0                rcfg_getMAC
                0x000042f0                rcfg_getDIP_Config
                0x00003852                rcfg_getParity
                0x00004a14                rcfg_getConfig
                0x00003ebc                rcfg_setDIP_Config
                0x0000409c                rcfg_setIP
                0x00004516                rcfg_getNet
                0x000046f2                rcfg_getGW
                0x00003a00                rcfg_setBufferSizeLimit
                0x00003616                rcfg_Reboot
                0x00003b8e                rcfg_setParity
                0x0000393e                rcfg_getBaud
                0x00003630                rcfg_getBufferSizeLimit
                0x0000400a                rcfg_setGW
                0x00003620                rcfg_Disable
                0x0000362a                Config_is_Disabled
                0x00003e18                rcfg_getDPORT_Data
                0x00003a86                rcfg_setDataBits
                0x00004242                rcfg_setMAC
                0x00003f12                rcfg_setDIP_Data
                0x00003cbc                rcfg_setDPORT_Config
                0x000035fa                stringLength
 .text          0x00004f4e      0x35a parser.o
                0x0000503a                rcfg_parseIP
                0x00004fd8                rcfg_parseUHex
                0x00004f4e                rcfg_parseUInt
 .text          0x000052a8      0x1c2 rcfg.o
                0x000052a8                onRtpControl
 .text          0x0000546a      0x5b6 config.o
                0x00005964                onInitConfig
                0x00005510                EepromReadConfig
                0x00005764                configEepromSetConfig
                0x00005492                EepromWriteConfig
                0x000055a0                configEepromGetConfig
 .text          0x00005a20      0x27c com1_debug.o
                0x00005aae                __vector_32
                0x00005ae0                ExecuteCommand
                0x00005a7c                __vector_31
                0x00005b72                __vector_30
                0x00005a5e                putChar
                0x00005ac2                putString_com1
                0x00005a20                com1Initialize
                0x00005a6e                getChar
 .text          0x00005c9c        0x0 c:/winavr-20081205/bin/../lib/gcc/avr/4.3.2/avr51\libgcc.a(_mulsi3.o)
 .text          0x00005c9c        0x0 c:/winavr-20081205/bin/../lib/gcc/avr/4.3.2/avr51\libgcc.a(_udivmodsi4.o)
 .text          0x00005c9c        0x0 c:/winavr-20081205/bin/../lib/gcc/avr/4.3.2/avr51\libgcc.a(_exit.o)
 .text          0x00005c9c        0x0 c:/winavr-20081205/bin/../lib/gcc/avr/4.3.2/avr51\libgcc.a(_clear_bss.o)
 .text          0x00005c9c      0x204 c:/winavr-20081205/bin/../lib/gcc/avr/4.3.2/../../../../avr/lib/avr51\libc.a(malloc.o)
                0x00005c9c                malloc
                0x00005df0                free
 .text          0x00005ea0       0x12 c:/winavr-20081205/bin/../lib/gcc/avr/4.3.2/../../../../avr/lib/avr51\libc.a(strcmp.o)
                0x00005ea0                strcmp
 .text          0x00005eb2        0xe c:/winavr-20081205/bin/../lib/gcc/avr/4.3.2/../../../../avr/lib/avr51\libc.a(strcpy.o)
                0x00005eb2                strcpy
 .text          0x00005ec0       0x38 c:/winavr-20081205/bin/../lib/gcc/avr/4.3.2/../../../../avr/lib/avr51\libc.a(eerd_block.o)
                0x00005ec0                __eerd_block
 .text          0x00005ef8       0x38 c:/winavr-20081205/bin/../lib/gcc/avr/4.3.2/../../../../avr/lib/avr51\libc.a(eewr_block.o)
                0x00005ef8                __eewr_block
 .text          0x00005f30       0x42 c:/winavr-20081205/bin/../lib/gcc/avr/4.3.2/../../../../avr/lib/avr51\libc.a(itoa.o)
                0x00005f30                itoa
 .text          0x00005f72       0x4a c:/winavr-20081205/bin/../lib/gcc/avr/4.3.2/../../../../avr/lib/avr51\libc.a(ultoa.o)
                0x00005f72                ultoa
 .text          0x00005fbc       0x2c c:/winavr-20081205/bin/../lib/gcc/avr/4.3.2/../../../../avr/lib/avr51\libc.a(utoa.o)
                0x00005fbc                utoa
 .text          0x00005fe8       0x20 c:/winavr-20081205/bin/../lib/gcc/avr/4.3.2/../../../../avr/lib/avr51\libc.a(strrev.o)
                0x00005fe8                strrev
 .text          0x00006008        0x0 c:/winavr-20081205/bin/../lib/gcc/avr/4.3.2/avr51\libgcc.a(_udivmodhi4.o)
 .text          0x00006008        0x0 c:/winavr-20081205/bin/../lib/gcc/avr/4.3.2/avr51\libgcc.a(_prologue.o)
 .text          0x00006008        0x0 c:/winavr-20081205/bin/../lib/gcc/avr/4.3.2/avr51\libgcc.a(_epilogue.o)
                0x00006008                . = ALIGN (0x2)
 *(.text.*)
 .text.libgcc   0x00006008       0x3e c:/winavr-20081205/bin/../lib/gcc/avr/4.3.2/avr51\libgcc.a(_mulsi3.o)
                0x00006008                __mulsi3
 .text.libgcc   0x00006046       0x44 c:/winavr-20081205/bin/../lib/gcc/avr/4.3.2/avr51\libgcc.a(_udivmodsi4.o)
                0x00006046                __udivmodsi4
 .text.libgcc   0x0000608a        0x0 c:/winavr-20081205/bin/../lib/gcc/avr/4.3.2/avr51\libgcc.a(_exit.o)
 .text.libgcc   0x0000608a        0x0 c:/winavr-20081205/bin/../lib/gcc/avr/4.3.2/avr51\libgcc.a(_clear_bss.o)
 .text.libgcc   0x0000608a       0x28 c:/winavr-20081205/bin/../lib/gcc/avr/4.3.2/avr51\libgcc.a(_udivmodhi4.o)
                0x0000608a                __udivmodhi4
 .text.libgcc   0x000060b2       0x38 c:/winavr-20081205/bin/../lib/gcc/avr/4.3.2/avr51\libgcc.a(_prologue.o)
                0x000060b2                __prologue_saves__
 .text.libgcc   0x000060ea       0x36 c:/winavr-20081205/bin/../lib/gcc/avr/4.3.2/avr51\libgcc.a(_epilogue.o)
                0x000060ea                __epilogue_restores__
                0x00006120                . = ALIGN (0x2)
 *(.fini9)
 .fini9         0x00006120        0x0 c:/winavr-20081205/bin/../lib/gcc/avr/4.3.2/avr51\libgcc.a(_exit.o)
                0x00006120                exit
                0x00006120                _exit
 *(.fini9)
 *(.fini8)
 *(.fini8)
 *(.fini7)
 *(.fini7)
 *(.fini6)
 *(.fini6)
 *(.fini5)
 *(.fini5)
 *(.fini4)
 *(.fini4)
 *(.fini3)
 *(.fini3)
 *(.fini2)
 *(.fini2)
 *(.fini1)
 *(.fini1)
 *(.fini0)
 .fini0         0x00006120        0x4 c:/winavr-20081205/bin/../lib/gcc/avr/4.3.2/avr51\libgcc.a(_exit.o)
 *(.fini0)
                0x00006124                _etext = .

.data           0x00800100      0x734 load address 0x00006124
                0x00800100                PROVIDE (__data_start, .)
 *(.data)
 .data          0x00800100        0x0 c:/winavr-20081205/bin/../lib/gcc/avr/4.3.2/../../../../avr/lib/avr51/crtm128.o
 .data          0x00800100        0x8 aeb.o
 .data          0x00800108        0x6 arp.o
 .data          0x0080010e        0xa rtp.o
 .data          0x00800118        0x6 ethernet.o
                0x00800118                hEthernetAddress
 .data          0x0080011e        0xe ip.o
                0x0080011e                hIPv4
 .data          0x0080012c        0x0 udp.o
 .data          0x0080012c        0x0 tftp.o
 .data          0x0080012c        0x6 serial.o
                0x0080012c                serialSettings
 .data          0x00800132        0x0 clock.o
 .data          0x00800132       0x85 timer.o
 .data          0x008001b7        0x0 doublyLinkedList.o
 .data          0x008001b7        0x0 queue.o
 .data          0x008001b7        0x0 rtc.o
 .data          0x008001b7       0x23 com0.o
 .data          0x008001da        0x0 enc28j60.o
 .data          0x008001da       0x12 nic.o
 .data          0x008001ec        0x0 bootloader.o
 .data          0x008001ec        0x0 serialbridge.o
 .data          0x008001ec        0x0 watchdog.o
 .data          0x008001ec        0x0 netlib.o
 .data          0x008001ec      0x315 commands.o
 .data          0x00800501        0x0 parser.o
 .data          0x00800501      0x2e5 rcfg.o
                0x00800766                rcfg_commands
 .data          0x008007e6        0x0 config.o
 .data          0x008007e6       0x47 com1_debug.o
 .data          0x0080082d        0x0 c:/winavr-20081205/bin/../lib/gcc/avr/4.3.2/avr51\libgcc.a(_mulsi3.o)
 .data          0x0080082d        0x0 c:/winavr-20081205/bin/../lib/gcc/avr/4.3.2/avr51\libgcc.a(_udivmodsi4.o)
 .data          0x0080082d        0x0 c:/winavr-20081205/bin/../lib/gcc/avr/4.3.2/avr51\libgcc.a(_exit.o)
 .data          0x0080082d        0x0 c:/winavr-20081205/bin/../lib/gcc/avr/4.3.2/avr51\libgcc.a(_clear_bss.o)
 .data          0x0080082d        0x6 c:/winavr-20081205/bin/../lib/gcc/avr/4.3.2/../../../../avr/lib/avr51\libc.a(malloc.o)
                0x0080082f                __malloc_heap_start
                0x00800831                __malloc_heap_end
                0x0080082d                __malloc_margin
 .data          0x00800833        0x0 c:/winavr-20081205/bin/../lib/gcc/avr/4.3.2/../../../../avr/lib/avr51\libc.a(strcmp.o)
 .data          0x00800833        0x0 c:/winavr-20081205/bin/../lib/gcc/avr/4.3.2/../../../../avr/lib/avr51\libc.a(strcpy.o)
 .data          0x00800833        0x0 c:/winavr-20081205/bin/../lib/gcc/avr/4.3.2/../../../../avr/lib/avr51\libc.a(eerd_block.o)
 .data          0x00800833        0x0 c:/winavr-20081205/bin/../lib/gcc/avr/4.3.2/../../../../avr/lib/avr51\libc.a(eewr_block.o)
 .data          0x00800833        0x0 c:/winavr-20081205/bin/../lib/gcc/avr/4.3.2/../../../../avr/lib/avr51\libc.a(itoa.o)
 .data          0x00800833        0x0 c:/winavr-20081205/bin/../lib/gcc/avr/4.3.2/../../../../avr/lib/avr51\libc.a(ultoa.o)
 .data          0x00800833        0x0 c:/winavr-20081205/bin/../lib/gcc/avr/4.3.2/../../../../avr/lib/avr51\libc.a(utoa.o)
 .data          0x00800833        0x0 c:/winavr-20081205/bin/../lib/gcc/avr/4.3.2/../../../../avr/lib/avr51\libc.a(strrev.o)
 .data          0x00800833        0x0 c:/winavr-20081205/bin/../lib/gcc/avr/4.3.2/avr51\libgcc.a(_udivmodhi4.o)
 .data          0x00800833        0x0 c:/winavr-20081205/bin/../lib/gcc/avr/4.3.2/avr51\libgcc.a(_prologue.o)
 .data          0x00800833        0x0 c:/winavr-20081205/bin/../lib/gcc/avr/4.3.2/avr51\libgcc.a(_epilogue.o)
 *(.data*)
 *(.rodata)
 *(.rodata*)
 *(.gnu.linkonce.d*)
                0x00800834                . = ALIGN (0x2)
 *fill*         0x00800833        0x1 00
                0x00800834                _edata = .
                0x00800834                PROVIDE (__data_end, .)

.bss            0x00800834      0x1b1
                0x00800834                PROVIDE (__bss_start, .)
 *(.bss)
 .bss           0x00800834        0x0 c:/winavr-20081205/bin/../lib/gcc/avr/4.3.2/../../../../avr/lib/avr51/crtm128.o
 .bss           0x00800834        0x0 aeb.o
 .bss           0x00800834        0x0 arp.o
 .bss           0x00800834        0x0 rtp.o
 .bss           0x00800834        0x0 ethernet.o
 .bss           0x00800834        0x0 ip.o
 .bss           0x00800834        0x0 udp.o
 .bss           0x00800834        0x0 tftp.o
 .bss           0x00800834        0x0 serial.o
 .bss           0x00800834        0x0 clock.o
 .bss           0x00800834        0x0 timer.o
 .bss           0x00800834        0x0 doublyLinkedList.o
 .bss           0x00800834        0x0 queue.o
 .bss           0x00800834        0x0 rtc.o
 .bss           0x00800834        0x0 com0.o
 .bss           0x00800834        0x0 enc28j60.o
 .bss           0x00800834        0x0 nic.o
 .bss           0x00800834        0x0 bootloader.o
 .bss           0x00800834        0x0 serialbridge.o
 .bss           0x00800834        0x0 watchdog.o
 .bss           0x00800834        0x0 netlib.o
 .bss           0x00800834        0x1 commands.o
 .bss           0x00800835        0x0 parser.o
 .bss           0x00800835        0x0 rcfg.o
 .bss           0x00800835        0x0 config.o
 .bss           0x00800835        0x0 com1_debug.o
 .bss           0x00800835        0x0 c:/winavr-20081205/bin/../lib/gcc/avr/4.3.2/avr51\libgcc.a(_mulsi3.o)
 .bss           0x00800835        0x0 c:/winavr-20081205/bin/../lib/gcc/avr/4.3.2/avr51\libgcc.a(_udivmodsi4.o)
 .bss           0x00800835        0x0 c:/winavr-20081205/bin/../lib/gcc/avr/4.3.2/avr51\libgcc.a(_exit.o)
 .bss           0x00800835        0x0 c:/winavr-20081205/bin/../lib/gcc/avr/4.3.2/avr51\libgcc.a(_clear_bss.o)
 .bss           0x00800835        0x0 c:/winavr-20081205/bin/../lib/gcc/avr/4.3.2/../../../../avr/lib/avr51\libc.a(malloc.o)
 .bss           0x00800835        0x0 c:/winavr-20081205/bin/../lib/gcc/avr/4.3.2/../../../../avr/lib/avr51\libc.a(strcmp.o)
 .bss           0x00800835        0x0 c:/winavr-20081205/bin/../lib/gcc/avr/4.3.2/../../../../avr/lib/avr51\libc.a(strcpy.o)
 .bss           0x00800835        0x0 c:/winavr-20081205/bin/../lib/gcc/avr/4.3.2/../../../../avr/lib/avr51\libc.a(eerd_block.o)
 .bss           0x00800835        0x0 c:/winavr-20081205/bin/../lib/gcc/avr/4.3.2/../../../../avr/lib/avr51\libc.a(eewr_block.o)
 .bss           0x00800835        0x0 c:/winavr-20081205/bin/../lib/gcc/avr/4.3.2/../../../../avr/lib/avr51\libc.a(itoa.o)
 .bss           0x00800835        0x0 c:/winavr-20081205/bin/../lib/gcc/avr/4.3.2/../../../../avr/lib/avr51\libc.a(ultoa.o)
 .bss           0x00800835        0x0 c:/winavr-20081205/bin/../lib/gcc/avr/4.3.2/../../../../avr/lib/avr51\libc.a(utoa.o)
 .bss           0x00800835        0x0 c:/winavr-20081205/bin/../lib/gcc/avr/4.3.2/../../../../avr/lib/avr51\libc.a(strrev.o)
 .bss           0x00800835        0x0 c:/winavr-20081205/bin/../lib/gcc/avr/4.3.2/avr51\libgcc.a(_udivmodhi4.o)
 .bss           0x00800835        0x0 c:/winavr-20081205/bin/../lib/gcc/avr/4.3.2/avr51\libgcc.a(_prologue.o)
 .bss           0x00800835        0x0 c:/winavr-20081205/bin/../lib/gcc/avr/4.3.2/avr51\libgcc.a(_epilogue.o)
 *(.bss*)
 *(COMMON)
 COMMON         0x00800835        0x6 aeb.o
                0x00800835                menge2
                0x00800837                debug
                0x00800839                menge
 COMMON         0x0080083b       0x38 arp.o
                0x0080083b                hArp
 COMMON         0x00800873        0x2 rtp.o
                0x00800873                rtpSequence
 COMMON         0x00800875        0x4 timer.o
                0x00800875                timerList
 COMMON         0x00800879        0x4 rtc.o
                0x00800879                overflows
 COMMON         0x0080087d      0x101 com0.o
                0x0080087d                hUsart0
 COMMON         0x0080097e        0x1 enc28j60.o
                0x0080097e                hEnc28j60
 COMMON         0x0080097f        0xe config.o
                0x0080097f                Config
 COMMON         0x0080098d       0x54 com1_debug.o
                0x0080098d                CommandBuffer
                0x008009b7                com1_recv
 COMMON         0x008009e1        0x4 c:/winavr-20081205/bin/../lib/gcc/avr/4.3.2/../../../../avr/lib/avr51\libc.a(malloc.o)
                0x008009e1                __brkval
                0x008009e3                __flp
                0x008009e5                PROVIDE (__bss_end, .)
                0x00006124                __data_load_start = LOADADDR (.data)
                0x00006858                __data_load_end = (__data_load_start + SIZEOF (.data))

.noinit         0x008009e5        0x0
                0x008009e5                PROVIDE (__noinit_start, .)
 *(.noinit*)
                0x008009e5                PROVIDE (__noinit_end, .)
                0x008009e5                _end = .
                0x008009e5                PROVIDE (__heap_start, .)

.eeprom         0x00810000        0x0
 *(.eeprom*)
                0x00810000                __eeprom_end = .

.fuse
 *(.fuse)
 *(.lfuse)
 *(.hfuse)
 *(.efuse)

.lock
 *(.lock*)

.signature
 *(.signature*)

.stab
 *(.stab)

.stabstr
 *(.stabstr)

.stab.excl
 *(.stab.excl)

.stab.exclstr
 *(.stab.exclstr)

.stab.index
 *(.stab.index)

.stab.indexstr
 *(.stab.indexstr)

.comment
 *(.comment)

.debug
 *(.debug)

.line
 *(.line)

.debug_srcinfo
 *(.debug_srcinfo)

.debug_sfnames
 *(.debug_sfnames)

.debug_aranges  0x00000000      0x2c0
 *(.debug_aranges)
 .debug_aranges
                0x00000000       0x20 aeb.o
 .debug_aranges
                0x00000020       0x20 arp.o
 .debug_aranges
                0x00000040       0x20 rtp.o
 .debug_aranges
                0x00000060       0x20 ethernet.o
 .debug_aranges
                0x00000080       0x20 ip.o
 .debug_aranges
                0x000000a0       0x20 udp.o
 .debug_aranges
                0x000000c0       0x20 serial.o
 .debug_aranges
                0x000000e0       0x20 clock.o
 .debug_aranges
                0x00000100       0x20 timer.o
 .debug_aranges
                0x00000120       0x20 doublyLinkedList.o
 .debug_aranges
                0x00000140       0x20 queue.o
 .debug_aranges
                0x00000160       0x20 rtc.o
 .debug_aranges
                0x00000180       0x20 com0.o
 .debug_aranges
                0x000001a0       0x20 enc28j60.o
 .debug_aranges
                0x000001c0       0x20 nic.o
 .debug_aranges
                0x000001e0       0x20 serialbridge.o
 .debug_aranges
                0x00000200       0x20 netlib.o
 .debug_aranges
                0x00000220       0x20 commands.o
 .debug_aranges
                0x00000240       0x20 parser.o
 .debug_aranges
                0x00000260       0x20 rcfg.o
 .debug_aranges
                0x00000280       0x20 config.o
 .debug_aranges
                0x000002a0       0x20 com1_debug.o

.debug_pubnames
                0x00000000      0xe09
 *(.debug_pubnames)
 .debug_pubnames
                0x00000000       0x3a aeb.o
 .debug_pubnames
                0x0000003a       0xaf arp.o
 .debug_pubnames
                0x000000e9       0x79 rtp.o
 .debug_pubnames
                0x00000162       0xc5 ethernet.o
 .debug_pubnames
                0x00000227       0x8d ip.o
 .debug_pubnames
                0x000002b4       0x35 udp.o
 .debug_pubnames
                0x000002e9       0x8b serial.o
 .debug_pubnames
                0x00000374       0x53 clock.o
 .debug_pubnames
                0x000003c7       0x79 timer.o
 .debug_pubnames
                0x00000440       0x7f doublyLinkedList.o
 .debug_pubnames
                0x000004bf       0x58 queue.o
 .debug_pubnames
                0x00000517       0x75 rtc.o
 .debug_pubnames
                0x0000058c       0xec com0.o
 .debug_pubnames
                0x00000678      0x1d8 enc28j60.o
 .debug_pubnames
                0x00000850       0xed nic.o
 .debug_pubnames
                0x0000093d       0x47 serialbridge.o
 .debug_pubnames
                0x00000984       0x28 netlib.o
 .debug_pubnames
                0x000009ac      0x29f commands.o
 .debug_pubnames
                0x00000c4b       0x49 parser.o
 .debug_pubnames
                0x00000c94       0x35 rcfg.o
 .debug_pubnames
                0x00000cc9       0x8d config.o
 .debug_pubnames
                0x00000d56       0xb3 com1_debug.o

.debug_info     0x00000000     0x64f3
 *(.debug_info)
 .debug_info    0x00000000       0xc5 aeb.o
 .debug_info    0x000000c5      0x5c2 arp.o
 .debug_info    0x00000687      0x508 rtp.o
 .debug_info    0x00000b8f      0x351 ethernet.o
 .debug_info    0x00000ee0      0x41e ip.o
 .debug_info    0x000012fe      0x21d udp.o
 .debug_info    0x0000151b        0x0 tftp.o
 .debug_info    0x0000151b      0x316 serial.o
 .debug_info    0x00001831       0xb5 clock.o
 .debug_info    0x000018e6      0x2ca timer.o
 .debug_info    0x00001bb0      0x28b doublyLinkedList.o
 .debug_info    0x00001e3b      0x191 queue.o
 .debug_info    0x00001fcc      0x102 rtc.o
 .debug_info    0x000020ce      0x632 com0.o
 .debug_info    0x00002700     0x1487 enc28j60.o
 .debug_info    0x00003b87      0x530 nic.o
 .debug_info    0x000040b7        0x0 bootloader.o
 .debug_info    0x000040b7      0x1bf serialbridge.o
 .debug_info    0x00004276        0x0 watchdog.o
 .debug_info    0x00004276       0xc3 netlib.o
 .debug_info    0x00004339     0x12a6 commands.o
 .debug_info    0x000055df      0x243 parser.o
 .debug_info    0x00005822      0x207 rcfg.o
 .debug_info    0x00005a29      0x6ca config.o
 .debug_info    0x000060f3      0x400 com1_debug.o
 *(.gnu.linkonce.wi.*)

.debug_abbrev   0x00000000     0x1e1a
 *(.debug_abbrev)
 .debug_abbrev  0x00000000       0x6d aeb.o
 .debug_abbrev  0x0000006d      0x1f1 arp.o
 .debug_abbrev  0x0000025e      0x1a2 rtp.o
 .debug_abbrev  0x00000400      0x1a5 ethernet.o
 .debug_abbrev  0x000005a5      0x13c ip.o
 .debug_abbrev  0x000006e1       0xc3 udp.o
 .debug_abbrev  0x000007a4        0x1 tftp.o
 .debug_abbrev  0x000007a5      0x11f serial.o
 .debug_abbrev  0x000008c4       0x5f clock.o
 .debug_abbrev  0x00000923      0x185 timer.o
 .debug_abbrev  0x00000aa8       0xec doublyLinkedList.o
 .debug_abbrev  0x00000b94       0xac queue.o
 .debug_abbrev  0x00000c40       0x8c rtc.o
 .debug_abbrev  0x00000ccc      0x265 com0.o
 .debug_abbrev  0x00000f31      0x263 enc28j60.o
 .debug_abbrev  0x00001194      0x237 nic.o
 .debug_abbrev  0x000013cb        0x1 bootloader.o
 .debug_abbrev  0x000013cc       0xe6 serialbridge.o
 .debug_abbrev  0x000014b2        0x1 watchdog.o
 .debug_abbrev  0x000014b3       0x84 netlib.o
 .debug_abbrev  0x00001537      0x286 commands.o
 .debug_abbrev  0x000017bd      0x133 parser.o
 .debug_abbrev  0x000018f0      0x112 rcfg.o
 .debug_abbrev  0x00001a02      0x241 config.o
 .debug_abbrev  0x00001c43      0x1d7 com1_debug.o

.debug_line     0x00000000     0x5dc0
 *(.debug_line)
 .debug_line    0x00000000      0x11a aeb.o
 .debug_line    0x0000011a      0x5c4 arp.o
 .debug_line    0x000006de      0x431 rtp.o
 .debug_line    0x00000b0f      0x31b ethernet.o
 .debug_line    0x00000e2a      0x37c ip.o
 .debug_line    0x000011a6      0x1db udp.o
 .debug_line    0x00001381       0x24 tftp.o
 .debug_line    0x000013a5      0x25c serial.o
 .debug_line    0x00001601       0xe2 clock.o
 .debug_line    0x000016e3      0x32e timer.o
 .debug_line    0x00001a11      0x2c7 doublyLinkedList.o
 .debug_line    0x00001cd8      0x180 queue.o
 .debug_line    0x00001e58      0x152 rtc.o
 .debug_line    0x00001faa      0x5e6 com0.o
 .debug_line    0x00002590     0x11d0 enc28j60.o
 .debug_line    0x00003760      0x571 nic.o
 .debug_line    0x00003cd1       0x24 bootloader.o
 .debug_line    0x00003cf5      0x1bd serialbridge.o
 .debug_line    0x00003eb2       0x24 watchdog.o
 .debug_line    0x00003ed6       0xf6 netlib.o
 .debug_line    0x00003fcc     0x11c5 commands.o
 .debug_line    0x00005191      0x2b9 parser.o
 .debug_line    0x0000544a      0x251 rcfg.o
 .debug_line    0x0000569b      0x3f6 config.o
 .debug_line    0x00005a91      0x32f com1_debug.o

.debug_frame    0x00000000      0xb30
 *(.debug_frame)
 .debug_frame   0x00000000       0x20 aeb.o
 .debug_frame   0x00000020       0x90 arp.o
 .debug_frame   0x000000b0       0x60 rtp.o
 .debug_frame   0x00000110       0x80 ethernet.o
 .debug_frame   0x00000190       0x70 ip.o
 .debug_frame   0x00000200       0x30 udp.o
 .debug_frame   0x00000230       0x60 serial.o
 .debug_frame   0x00000290       0x40 clock.o
 .debug_frame   0x000002d0       0x60 timer.o
 .debug_frame   0x00000330       0x60 doublyLinkedList.o
 .debug_frame   0x00000390       0x50 queue.o
 .debug_frame   0x000003e0       0x60 rtc.o
 .debug_frame   0x00000440       0xc0 com0.o
 .debug_frame   0x00000500      0x170 enc28j60.o
 .debug_frame   0x00000670       0xc0 nic.o
 .debug_frame   0x00000730       0x40 serialbridge.o
 .debug_frame   0x00000770       0x20 netlib.o
 .debug_frame   0x00000790      0x230 commands.o
 .debug_frame   0x000009c0       0x40 parser.o
 .debug_frame   0x00000a00       0x20 rcfg.o
 .debug_frame   0x00000a20       0x80 config.o
 .debug_frame   0x00000aa0       0x90 com1_debug.o

.debug_str      0x00000000     0x130a
 *(.debug_str)
 .debug_str     0x00000000       0xbe aeb.o
                                 0xf7 (size before relaxing)
 .debug_str     0x000000be      0x1f0 arp.o
                                0x26c (size before relaxing)
 .debug_str     0x000002ae       0xeb rtp.o
                                0x258 (size before relaxing)
 .debug_str     0x00000399       0xfc ethernet.o
                                0x27e (size before relaxing)
 .debug_str     0x00000495      0x111 ip.o
                                0x2a2 (size before relaxing)
 .debug_str     0x000005a6       0x65 udp.o
                                0x1d5 (size before relaxing)
 .debug_str     0x0000060b       0xf3 serial.o
                                0x1db (size before relaxing)
 .debug_str     0x000006fe       0x52 clock.o
                                0x11d (size before relaxing)
 .debug_str     0x00000750       0xe3 timer.o
                                0x1c6 (size before relaxing)
 .debug_str     0x00000833       0x91 doublyLinkedList.o
                                0x135 (size before relaxing)
 .debug_str     0x000008c4       0x81 queue.o
                                0x14c (size before relaxing)
 .debug_str     0x00000945       0x60 rtc.o
                                0x13f (size before relaxing)
 .debug_str     0x000009a5      0x159 com0.o
                                0x35e (size before relaxing)
 .debug_str     0x00000afe      0x1a1 enc28j60.o
                                0x283 (size before relaxing)
 .debug_str     0x00000c9f      0x10c nic.o
                                0x294 (size before relaxing)
 .debug_str     0x00000dab       0x53 serialbridge.o
                                0x1af (size before relaxing)
 .debug_str     0x00000dfe       0x37 netlib.o
                                0x10b (size before relaxing)
 .debug_str     0x00000e35      0x287 commands.o
                                0x42b (size before relaxing)
 .debug_str     0x000010bc       0x54 parser.o
                                0x135 (size before relaxing)
 .debug_str     0x00001110       0x4a rcfg.o
                                0x1a6 (size before relaxing)
 .debug_str     0x0000115a      0x128 config.o
                                0x283 (size before relaxing)
 .debug_str     0x00001282       0x88 com1_debug.o
                                0x1d7 (size before relaxing)

.debug_loc      0x00000000     0x439b
 *(.debug_loc)
 .debug_loc     0x00000000      0x560 arp.o
 .debug_loc     0x00000560      0x44e rtp.o
 .debug_loc     0x000009ae      0x1d0 ethernet.o
 .debug_loc     0x00000b7e      0x265 ip.o
 .debug_loc     0x00000de3      0x100 udp.o
 .debug_loc     0x00000ee3      0x1c6 serial.o
 .debug_loc     0x000010a9      0x189 timer.o
 .debug_loc     0x00001232      0x300 doublyLinkedList.o
 .debug_loc     0x00001532       0xf0 queue.o
 .debug_loc     0x00001622      0x27e com0.o
 .debug_loc     0x000018a0      0xd00 enc28j60.o
 .debug_loc     0x000025a0      0x369 nic.o
 .debug_loc     0x00002909       0x56 serialbridge.o
 .debug_loc     0x0000295f       0x6c netlib.o
 .debug_loc     0x000029cb     0x10b6 commands.o
 .debug_loc     0x00003a81      0x3ae parser.o
 .debug_loc     0x00003e2f       0xff rcfg.o
 .debug_loc     0x00003f2e      0x383 config.o
 .debug_loc     0x000042b1       0xea com1_debug.o

.debug_macinfo
 *(.debug_macinfo)
OUTPUT(aeb.elf elf32-avr)
LOAD linker stubs

.debug_ranges   0x00000000      0x8c0
 .debug_ranges  0x00000000       0x80 arp.o
 .debug_ranges  0x00000080       0x48 rtp.o
 .debug_ranges  0x000000c8       0x30 ethernet.o
 .debug_ranges  0x000000f8       0x58 timer.o
 .debug_ranges  0x00000150       0x60 doublyLinkedList.o
 .debug_ranges  0x000001b0       0x30 com0.o
 .debug_ranges  0x000001e0      0x210 enc28j60.o
 .debug_ranges  0x000003f0       0x38 nic.o
 .debug_ranges  0x00000428      0x300 commands.o
 .debug_ranges  0x00000728       0xc0 parser.o
 .debug_ranges  0x000007e8       0x18 rcfg.o
 .debug_ranges  0x00000800       0xa8 config.o
 .debug_ranges  0x000008a8       0x18 com1_debug.o
